6
0
200
2072
4695
6912
13578
1098
10998
7243
2221
